{"assemblers": {}, "current_items": {"burner-mining-drill": 1, "iron-plate": 5, "stone-furnace": 1, "water": 1000000000}, "current_recipes": ["automation-science-pack", "boiler", "burner-inserter", "burner-mining-drill", "copper-cable", "copper-plate", "electric-mining-drill", "electronic-circuit", "firearm-magazine", "inserter", "iron-chest", "iron-gear-wheel", "iron-plate", "iron-stick", "lab", "light-armor", "offshore-pump", "pipe", "pipe-to-ground", "pistol", "radar", "repair-pack", "small-electric-pole", "steam-engine", "stone-brick", "stone-furnace", "transport-belt", "wooden-chest"], "current_tech": [], "furnaces": {}, "game_time": 0, "limited_items": {"iron-plate": 5}, "miners": {}}