{"assemblers": {"automation-science-pack:assembling-machine-1": 2, "iron-gear-wheel:assembling-machine-1": 1}, "current_items": {"assembling-machine-1": 0, "automation-science-pack": 24, "burner-mining-drill": 2, "copper-cable": 1, "copper-ore": 409, "copper-plate": 88, "iron-gear-wheel": 96, "iron-ore": 0, "iron-plate": 591, "stone": 182, "stone-furnace": 0, "water": 1000000000}, "current_recipes": ["assembling-machine-1", "automation-science-pack", "boiler", "burner-inserter", "burner-mining-drill", "copper-cable", "copper-plate", "electric-mining-drill", "electronic-circuit", "firearm-magazine", "inserter", "iron-chest", "iron-gear-wheel", "iron-plate", "iron-stick", "lab", "light-armor", "long-handed-inserter", "offshore-pump", "pipe", "pipe-to-ground", "pistol", "radar", "repair-pack", "small-electric-pole", "steam-engine", "stone-brick", "stone-furnace", "transport-belt", "wooden-chest"], "current_tech": ["automation"], "furnaces": {"copper-plate:stone-furnace": 1, "iron-plate:stone-furnace": 5}, "game_time": 1143.75, "limited_items": {}, "miners": {"copper-ore:burner-mining-drill": 3, "iron-ore:burner-mining-drill": 4, "stone:burner-mining-drill": 1}}