{"assemblers": {"copper-cable:assembling-machine-1": 1, "iron-gear-wheel:assembling-machine-1": 1}, "current_items": {"assembling-machine-1": 0, "automation-science-pack": 1, "burner-mining-drill": 0, "copper-cable": 114, "copper-ore": 42, "copper-plate": 36, "iron-gear-wheel": 15, "iron-ore": 43, "iron-plate": 90, "stone": 38, "stone-furnace": 0, "water": 1000000000}, "current_recipes": ["assembling-machine-1", "automation-science-pack", "boiler", "burner-inserter", "burner-mining-drill", "copper-cable", "copper-plate", "electric-mining-drill", "electronic-circuit", "firearm-magazine", "inserter", "iron-chest", "iron-gear-wheel", "iron-plate", "iron-stick", "lab", "light-armor", "long-handed-inserter", "offshore-pump", "pipe", "pipe-to-ground", "pistol", "radar", "repair-pack", "small-electric-pole", "steam-engine", "stone-brick", "stone-furnace", "transport-belt", "wooden-chest"], "current_tech": ["automation"], "furnaces": {"copper-plate:stone-furnace": 2, "iron-plate:stone-furnace": 5}, "game_time": 332.25, "limited_items": {}, "miners": {"copper-ore:burner-mining-drill": 5, "iron-ore:burner-mining-drill": 7, "stone:burner-mining-drill": 1}}