{"assemblers": {}, "current_items": {"burner-mining-drill": 0, "iron-ore": 7, "iron-plate": 23, "stone-furnace": 0, "water": 1000000000}, "current_recipes": ["automation-science-pack", "boiler", "burner-inserter", "burner-mining-drill", "copper-cable", "copper-plate", "electric-mining-drill", "electronic-circuit", "firearm-magazine", "inserter", "iron-chest", "iron-gear-wheel", "iron-plate", "iron-stick", "lab", "light-armor", "offshore-pump", "pipe", "pipe-to-ground", "pistol", "radar", "repair-pack", "small-electric-pole", "steam-engine", "stone-brick", "stone-furnace", "transport-belt", "wooden-chest"], "current_tech": [], "furnaces": {"iron-plate:stone-furnace": 1}, "game_time": 70, "limited_items": {}, "miners": {"iron-ore:burner-mining-drill": 1}}